../Core/Src/main.c:86:6:HAL_GPIO_EXTI_Callback	16	static
../Core/Src/main.c:123:9:gettemp	16	static
../Core/Src/main.c:145:9:getldr	8	static
../Core/Src/main.c:160:5:main	8	static
../Core/Src/main.c:270:6:SystemClock_Config	88	static
../Core/Src/main.c:316:13:MX_ADC1_Init	24	static
../Core/Src/main.c:368:13:MX_CAN1_Init	48	static
../Core/Src/main.c:416:13:MX_GPIO_Init	48	static
../Core/Src/main.c:462:6:HAL_CAN_TxMailbox0CompleteCallback	16	static
../Core/Src/main.c:474:6:Error_Handler	4	static,ignoring_inline_asm
