../Core/Src/main.c:71:6:HAL_CAN_RxFifo0MsgPendingCallback	16	static
../Core/Src/main.c:77:6:fancontrol	16	static
../Core/Src/main.c:100:6:lightcontrol	16	static
../Core/Src/main.c:125:6:seat_belt_status	16	static
../Core/Src/main.c:148:6:door_status	16	static
../Core/Src/main.c:177:5:main	16	static
../Core/Src/main.c:316:6:SystemClock_Config	88	static
../Core/Src/main.c:362:13:MX_CAN1_Init	48	static
../Core/Src/main.c:410:13:MX_I2C1_Init	8	static
../Core/Src/main.c:444:13:MX_GPIO_Init	48	static
../Core/Src/main.c:499:6:Error_Handler	4	static,ignoring_inline_asm
