Archive member included to satisfy reference by file (symbol)

/opt/st/stm32cubeide_1.12.1/plugins/com.st.stm32cube.ide.mcu.externaltools.gnu-tools-for-stm32.10.3-2021.10.linux64_1.0.200.202301161003/tools/bin/../lib/gcc/arm-none-eabi/10.3.1/../../../../arm-none-eabi/lib/thumb/v7e-m+fp/hard/libc_nano.a(lib_a-errno.o)
                              ./Core/Src/syscalls.o (__errno)
/opt/st/stm32cubeide_1.12.1/plugins/com.st.stm32cube.ide.mcu.externaltools.gnu-tools-for-stm32.10.3-2021.10.linux64_1.0.200.202301161003/tools/bin/../lib/gcc/arm-none-eabi/10.3.1/../../../../arm-none-eabi/lib/thumb/v7e-m+fp/hard/libc_nano.a(lib_a-exit.o)
                              /opt/st/stm32cubeide_1.12.1/plugins/com.st.stm32cube.ide.mcu.externaltools.gnu-tools-for-stm32.10.3-2021.10.linux64_1.0.200.202301161003/tools/bin/../lib/gcc/arm-none-eabi/10.3.1/../../../../arm-none-eabi/lib/thumb/v7e-m+fp/hard/crt0.o (exit)
/opt/st/stm32cubeide_1.12.1/plugins/com.st.stm32cube.ide.mcu.externaltools.gnu-tools-for-stm32.10.3-2021.10.linux64_1.0.200.202301161003/tools/bin/../lib/gcc/arm-none-eabi/10.3.1/../../../../arm-none-eabi/lib/thumb/v7e-m+fp/hard/libc_nano.a(lib_a-impure.o)
                              /opt/st/stm32cubeide_1.12.1/plugins/com.st.stm32cube.ide.mcu.externaltools.gnu-tools-for-stm32.10.3-2021.10.linux64_1.0.200.202301161003/tools/bin/../lib/gcc/arm-none-eabi/10.3.1/../../../../arm-none-eabi/lib/thumb/v7e-m+fp/hard/libc_nano.a(lib_a-exit.o) (_global_impure_ptr)
/opt/st/stm32cubeide_1.12.1/plugins/com.st.stm32cube.ide.mcu.externaltools.gnu-tools-for-stm32.10.3-2021.10.linux64_1.0.200.202301161003/tools/bin/../lib/gcc/arm-none-eabi/10.3.1/../../../../arm-none-eabi/lib/thumb/v7e-m+fp/hard/libc_nano.a(lib_a-init.o)
                              /opt/st/stm32cubeide_1.12.1/plugins/com.st.stm32cube.ide.mcu.externaltools.gnu-tools-for-stm32.10.3-2021.10.linux64_1.0.200.202301161003/tools/bin/../lib/gcc/arm-none-eabi/10.3.1/../../../../arm-none-eabi/lib/thumb/v7e-m+fp/hard/crt0.o (__libc_init_array)
/opt/st/stm32cubeide_1.12.1/plugins/com.st.stm32cube.ide.mcu.externaltools.gnu-tools-for-stm32.10.3-2021.10.linux64_1.0.200.202301161003/tools/bin/../lib/gcc/arm-none-eabi/10.3.1/../../../../arm-none-eabi/lib/thumb/v7e-m+fp/hard/libc_nano.a(lib_a-memset.o)
                              /opt/st/stm32cubeide_1.12.1/plugins/com.st.stm32cube.ide.mcu.externaltools.gnu-tools-for-stm32.10.3-2021.10.linux64_1.0.200.202301161003/tools/bin/../lib/gcc/arm-none-eabi/10.3.1/../../../../arm-none-eabi/lib/thumb/v7e-m+fp/hard/crt0.o (memset)
/opt/st/stm32cubeide_1.12.1/plugins/com.st.stm32cube.ide.mcu.externaltools.gnu-tools-for-stm32.10.3-2021.10.linux64_1.0.200.202301161003/tools/bin/../lib/gcc/arm-none-eabi/10.3.1/thumb/v7e-m+fp/hard/libgcc.a(_aeabi_uldivmod.o)
                              ./Drivers/STM32F4xx_HAL_Driver/Src/stm32f4xx_hal_rcc.o (__aeabi_uldivmod)
/opt/st/stm32cubeide_1.12.1/plugins/com.st.stm32cube.ide.mcu.externaltools.gnu-tools-for-stm32.10.3-2021.10.linux64_1.0.200.202301161003/tools/bin/../lib/gcc/arm-none-eabi/10.3.1/thumb/v7e-m+fp/hard/libgcc.a(_udivmoddi4.o)
                              /opt/st/stm32cubeide_1.12.1/plugins/com.st.stm32cube.ide.mcu.externaltools.gnu-tools-for-stm32.10.3-2021.10.linux64_1.0.200.202301161003/tools/bin/../lib/gcc/arm-none-eabi/10.3.1/thumb/v7e-m+fp/hard/libgcc.a(_aeabi_uldivmod.o) (__udivmoddi4)
/opt/st/stm32cubeide_1.12.1/plugins/com.st.stm32cube.ide.mcu.externaltools.gnu-tools-for-stm32.10.3-2021.10.linux64_1.0.200.202301161003/tools/bin/../lib/gcc/arm-none-eabi/10.3.1/thumb/v7e-m+fp/hard/libgcc.a(_dvmd_tls.o)
                              /opt/st/stm32cubeide_1.12.1/plugins/com.st.stm32cube.ide.mcu.externaltools.gnu-tools-for-stm32.10.3-2021.10.linux64_1.0.200.202301161003/tools/bin/../lib/gcc/arm-none-eabi/10.3.1/thumb/v7e-m+fp/hard/libgcc.a(_aeabi_uldivmod.o) (__aeabi_ldiv0)

Discarded input sections

 .text          0x0000000000000000        0x0 /opt/st/stm32cubeide_1.12.1/plugins/com.st.stm32cube.ide.mcu.externaltools.gnu-tools-for-stm32.10.3-2021.10.linux64_1.0.200.202301161003/tools/bin/../lib/gcc/arm-none-eabi/10.3.1/thumb/v7e-m+fp/hard/crti.o
 .data          0x0000000000000000        0x0 /opt/st/stm32cubeide_1.12.1/plugins/com.st.stm32cube.ide.mcu.externaltools.gnu-tools-for-stm32.10.3-2021.10.linux64_1.0.200.202301161003/tools/bin/../lib/gcc/arm-none-eabi/10.3.1/thumb/v7e-m+fp/hard/crti.o
 .bss           0x0000000000000000        0x0 /opt/st/stm32cubeide_1.12.1/plugins/com.st.stm32cube.ide.mcu.externaltools.gnu-tools-for-stm32.10.3-2021.10.linux64_1.0.200.202301161003/tools/bin/../lib/gcc/arm-none-eabi/10.3.1/thumb/v7e-m+fp/hard/crti.o
 .data          0x0000000000000000        0x4 /opt/st/stm32cubeide_1.12.1/plugins/com.st.stm32cube.ide.mcu.externaltools.gnu-tools-for-stm32.10.3-2021.10.linux64_1.0.200.202301161003/tools/bin/../lib/gcc/arm-none-eabi/10.3.1/thumb/v7e-m+fp/hard/crtbegin.o
[...]
Memory Configuration

Name             Origin             Length             Attributes
CCMRAM           0x0000000010000000 0x0000000000010000 xrw
RAM              0x0000000020000000 0x0000000000020000 xrw
FLASH            0x0000000008000000 0x0000000000100000 xr
*default*        0x0000000000000000 0xffffffffffffffff

Linker script and memory map

LOAD /opt/st/stm32cubeide_1.12.1/plugins/com.st.stm32cube.ide.mcu.externaltools.gnu-tools-for-stm32.10.3-2021.10.linux64_1.0.200.202301161003/tools/bin/../lib/gcc/arm-none-eabi/10.3.1/thumb/v7e-m+fp/hard/crti.o
LOAD /opt/st/stm32cubeide_1.12.1/plugins/com.st.stm32cube.ide.mcu.externaltools.gnu-tools-for-stm32.10.3-2021.10.linux64_1.0.200.202301161003/tools/bin/../lib/gcc/arm-none-eabi/10.3.1/thumb/v7e-m+fp/hard/crtbegin.o
LOAD /opt/st/stm32cubeide_1.12.1/plugins/com.st.stm32cube.ide.mcu.externaltools.gnu-tools-for-stm32.10.3-2021.10.linux64_1.0.200.202301161003/tools/bin/../lib/gcc/arm-none-eabi/10.3.1/../../../../arm-none-eabi/lib/thumb/v7e-m+fp/hard/crt0.o
LOAD ./Core/Src/main.o
LOAD ./Core/Src/stm32f4xx_hal_msp.o
LOAD ./Core/Src/stm32f4xx_it.o
LOAD ./Core/Src/syscalls.o
LOAD ./Core/Src/sysmem.o
LOAD ./Core/Src/system_stm32f4xx.o
LOAD ./Core/Startup/startup_stm32f407vgtx.o
LOAD ./Drivers/STM32F4xx_HAL_Driver/Src/stm32f4xx_hal.o
LOAD ./Drivers/STM32F4xx_HAL_Driver/Src/stm32f4xx_hal_adc.o
LOAD ./Drivers/STM32F4xx_HAL_Driver/Src/stm32f4xx_hal_adc_ex.o
LOAD ./Drivers/STM32F4xx_HAL_Driver/Src/stm32f4xx_hal_can.o
LOAD ./Drivers/STM32F4xx_HAL_Driver/Src/stm32f4xx_hal_cortex.o
LOAD ./Drivers/STM32F4xx_HAL_Driver/Src/stm32f4xx_hal_dma.o
LOAD ./Drivers/STM32F4xx_HAL_Driver/Src/stm32f4xx_hal_dma_ex.o
LOAD ./Drivers/STM32F4xx_HAL_Driver/Src/stm32f4xx_hal_exti.o
LOAD ./Drivers/STM32F4xx_HAL_Driver/Src/stm32f4xx_hal_flash.o
LOAD ./Drivers/STM32F4xx_HAL_Driver/Src/stm32f4xx_hal_flash_ex.o
LOAD ./Drivers/STM32F4xx_HAL_Driver/Src/stm32f4xx_hal_flash_ramfunc.o
LOAD ./Drivers/STM32F4xx_HAL_Driver/Src/stm32f4xx_hal_gpio.o
LOAD ./Drivers/STM32F4xx_HAL_Driver/Src/stm32f4xx_hal_pwr.o
LOAD ./Drivers/STM32F4xx_HAL_Driver/Src/stm32f4xx_hal_pwr_ex.o
LOAD ./Drivers/STM32F4xx_HAL_Driver/Src/stm32f4xx_hal_rcc.o
LOAD ./Drivers/STM32F4xx_HAL_Driver/Src/stm32f4xx_hal_rcc_ex.o
LOAD ./Drivers/STM32F4xx_HAL_Driver/Src/stm32f4xx_hal_tim.o
LOAD ./Drivers/STM32F4xx_HAL_Driver/Src/stm32f4xx_hal_tim_ex.o
LOAD ./Drivers/STM32F4xx_HAL_Driver/Src/stm32f4xx_ll_adc.o
START GROUP
LOAD /opt/st/stm32cubeide_1.12.1/plugins/com.st.stm32cube.ide.mcu.externaltools.gnu-tools-for-stm32.10.3-2021.10.linux64_1.0.200.202301161003/tools/bin/../lib/gcc/arm-none-eabi/10.3.1/../../../../arm-none-eabi/lib/thumb/v7e-m+fp/hard/libc_nano.a
LOAD /opt/st/stm32cubeide_1.12.1/plugins/com.st.stm32cube.ide.mcu.externaltools.gnu-tools-for-stm32.10.3-2021.10.linux64_1.0.200.202301161003/tools/bin/../lib/gcc/arm-none-eabi/10.3.1/../../../../arm-none-eabi/lib/thumb/v7e-m+fp/hard/libm.a
END GROUP
START GROUP
LOAD /opt/st/stm32cubeide_1.12.1/plugins/com.st.stm32cube.ide.mcu.externaltools.gnu-tools-for-stm32.10.3-2021.10.linux64_1.0.200.202301161003/tools/bin/../lib/gcc/arm-none-eabi/10.3.1/thumb/v7e-m+fp/hard/libgcc.a
LOAD /opt/st/stm32cubeide_1.12.1/plugins/com.st.stm32cube.ide.mcu.externaltools.gnu-tools-for-stm32.10.3-2021.10.linux64_1.0.200.202301161003/tools/bin/../lib/gcc/arm-none-eabi/10.3.1/../../../../arm-none-eabi/lib/thumb/v7e-m+fp/hard/libc_nano.a
END GROUP
START GROUP
LOAD /opt/st/stm32cubeide_1.12.1/plugins/com.st.stm32cube.ide.mcu.externaltools.gnu-tools-for-stm32.10.3-2021.10.linux64_1.0.200.202301161003/tools/bin/../lib/gcc/arm-none-eabi/10.3.1/thumb/v7e-m+fp/hard/libgcc.a
LOAD /opt/st/stm32cubeide_1.12.1/plugins/com.st.stm32cube.ide.mcu.externaltools.gnu-tools-for-stm32.10.3-2021.10.linux64_1.0.200.202301161003/tools/bin/../lib/gcc/arm-none-eabi/10.3.1/../../../../arm-none-eabi/lib/thumb/v7e-m+fp/hard/libc_nano.a
LOAD /opt/st/stm32cubeide_1.12.1/plugins/com.st.stm32cube.ide.mcu.externaltools.gnu-tools-for-stm32.10.3-2021.10.linux64_1.0.200.202301161003/tools/bin/../lib/gcc/arm-none-eabi/10.3.1/../../../../arm-none-eabi/lib/thumb/v7e-m+fp/hard/libnosys.a
END GROUP
START GROUP
LOAD /opt/st/stm32cubeide_1.12.1/plugins/com.st.stm32cube.ide.mcu.externaltools.gnu-tools-for-stm32.10.3-2021.10.linux64_1.0.200.202301161003/tools/bin/../lib/gcc/arm-none-eabi/10.3.1/thumb/v7e-m+fp/hard/libgcc.a
LOAD /opt/st/stm32cubeide_1.12.1/plugins/com.st.stm32cube.ide.mcu.externaltools.gnu-tools-for-stm32.10.3-2021.10.linux64_1.0.200.202301161003/tools/bin/../lib/gcc/arm-none-eabi/10.3.1/../../../../arm-none-eabi/lib/thumb/v7e-m+fp/hard/libc_nano.a
LOAD /opt/st/stm32cubeide_1.12.1/plugins/com.st.stm32cube.ide.mcu.externaltools.gnu-tools-for-stm32.10.3-2021.10.linux64_1.0.200.202301161003/tools/bin/../lib/gcc/arm-none-eabi/10.3.1/../../../../arm-none-eabi/lib/thumb/v7e-m+fp/hard/libnosys.a
END GROUP
LOAD /opt/st/stm32cubeide_1.12.1/plugins/com.st.stm32cube.ide.mcu.externaltools.gnu-tools-for-stm32.10.3-2021.10.linux64_1.0.200.202301161003/tools/bin/../lib/gcc/arm-none-eabi/10.3.1/thumb/v7e-m+fp/hard/crtend.o
LOAD /opt/st/stm32cubeide_1.12.1/plugins/com.st.stm32cube.ide.mcu.externaltools.gnu-tools-for-stm32.10.3-2021.10.linux64_1.0.200.202301161003/tools/bin/../lib/gcc/arm-none-eabi/10.3.1/thumb/v7e-m+fp/hard/crtn.o
                0x0000000020020000                _estack = (ORIGIN (RAM) + LENGTH (RAM))
                0x0000000000000200                _Min_Heap_Size = 0x200
                0x0000000000000400                _Min_Stack_Size = 0x400

.isr_vector     0x0000000008000000      0x188
                0x0000000008000000                . = ALIGN (0x4)
 *(.isr_vector)
 .isr_vector    0x0000000008000000      0x188 ./Core/Startup/startup_stm32f407vgtx.o
                0x0000000008000000                g_pfnVectors
                0x0000000008000188                . = ALIGN (0x4)

.text           0x0000000008000188     0x3134
                0x0000000008000188                . = ALIGN (0x4)
 *(.text)
 .text          0x0000000008000188       0x40 /opt/st/stm32cubeide_1.12.1/plugins/com.st.stm32cube.ide.mcu.externaltools.gnu-tools-for-stm32.10.3-2021.10.linux64_1.0.200.202301161003/tools/bin/../lib/gcc/arm-none-eabi/10.3.1/thumb/v7e-m+fp/hard/crtbegin.o
 .text          0x00000000080001c8       0x30 /opt/st/stm32cubeide_1.12.1/plugins/com.st.stm32cube.ide.mcu.externaltools.gnu-tools-for-stm32.10.3-2021.10.linux64_1.0.200.202301161003/tools/bin/../lib/gcc/arm-none-eabi/10.3.1/thumb/v7e-m+fp/hard/libgcc.a(_aeabi_uldivmod.o)
                0x00000000080001c8                __aeabi_uldivmod
 .text          0x00000000080001f8      0x2d0 /opt/st/stm32cubeide_1.12.1/plugins/com.st.stm32cube.ide.mcu.externaltools.gnu-tools-for-stm32.10.3-2021.10.linux64_1.0.200.202301161003/tools/bin/../lib/gcc/arm-none-eabi/10.3.1/thumb/v7e-m+fp/hard/libgcc.a(_udivmoddi4.o)
                0x00000000080001f8                __udivmoddi4
 .text          0x00000000080004c8        0x4 /opt/st/stm32cubeide_1.12.1/plugins/com.st.stm32cube.ide.mcu.externaltools.gnu-tools-for-stm32.10.3-2021.10.linux64_1.0.200.202301161003/tools/bin/../lib/gcc/arm-none-eabi/10.3.1/thumb/v7e-m+fp/hard/libgcc.a(_dvmd_tls.o)
                0x00000000080004c8                __aeabi_ldiv0
                0x00000000080004c8                __aeabi_idiv0
 *(.text*)
 .text.main     0x00000000080004cc      0x13c ./Core/Src/main.o
                0x00000000080004cc                main
 .text.SystemClock_Config
                0x0000000008000608       0xd4 ./Core/Src/main.o
                0x0000000008000608                SystemClock_Config
 .text.MX_ADC1_Init
                0x00000000080006dc       0xa4 ./Core/Src/main.o
 .text.MX_ADC2_Init
                0x0000000008000780       0xa4 ./Core/Src/main.o
 .text.MX_ADC3_Init
                0x0000000008000824       0xa4 ./Core/Src/main.o
 .text.MX_CAN1_Init
                0x00000000080008c8       0xa8 ./Core/Src/main.o
 .text.MX_GPIO_Init
                0x0000000008000970       0xc0 ./Core/Src/main.o
 .text.HAL_CAN_TxMailbox0CompleteCallback
                0x0000000008000a30       0x20 ./Core/Src/main.o
                0x0000000008000a30                HAL_CAN_TxMailbox0CompleteCallback
 .text.HAL_ADC_ConvCpltCallback
                0x0000000008000a50      0x100 ./Core/Src/main.o
                0x0000000008000a50                HAL_ADC_ConvCpltCallback
 .text.Error_Handler
                0x0000000008000b50        0xa ./Core/Src/main.o
                0x0000000008000b50                Error_Handler
 *fill*         0x0000000008000b5a        0x2 
 .text.HAL_MspInit
                0x0000000008000b5c       0x50 ./Core/Src/stm32f4xx_hal_msp.o
                0x0000000008000b5c                HAL_MspInit
 .text.HAL_ADC_MspInit
                0x0000000008000bac      0x178 ./Core/Src/stm32f4xx_hal_msp.o
                0x0000000008000bac                HAL_ADC_MspInit
 .text.HAL_CAN_MspInit
                0x0000000008000d24       0xa0 ./Core/Src/stm32f4xx_hal_msp.o
                0x0000000008000d24                HAL_CAN_MspInit
 .text.NMI_Handler
                0x0000000008000dc4        0x6 ./Core/Src/stm32f4xx_it.o
                0x0000000008000dc4                NMI_Handler
 .text.HardFault_Handler
                0x0000000008000dca        0x6 ./Core/Src/stm32f4xx_it.o
                0x0000000008000dca                HardFault_Handler
 .text.MemManage_Handler
                0x0000000008000dd0        0x6 ./Core/Src/stm32f4xx_it.o
                0x0000000008000dd0                MemManage_Handler
 .text.BusFault_Handler
                0x0000000008000dd6        0x6 ./Core/Src/stm32f4xx_it.o
                0x0000000008000dd6                BusFault_Handler
 .text.UsageFault_Handler
                0x0000000008000ddc        0x6 ./Core/Src/stm32f4xx_it.o
                0x0000000008000ddc                UsageFault_Handler
 .text.SVC_Handler
                0x0000000008000de2        0xe ./Core/Src/stm32f4xx_it.o
                0x0000000008000de2                SVC_Handler
 .text.DebugMon_Handler
                0x0000000008000df0        0xe ./Core/Src/stm32f4xx_it.o
                0x0000000008000df0                DebugMon_Handler
 .text.PendSV_Handler
                0x0000000008000dfe        0xe ./Core/Src/stm32f4xx_it.o
                0x0000000008000dfe                PendSV_Handler
 .text.SysTick_Handler
                0x0000000008000e0c        0xc ./Core/Src/stm32f4xx_it.o
                0x0000000008000e0c                SysTick_Handler
 .text.ADC_IRQHandler
                0x0000000008000e18       0x28 ./Core/Src/stm32f4xx_it.o
                0x0000000008000e18                ADC_IRQHandler
 .text.CAN1_RX0_IRQHandler
                0x0000000008000e40       0x14 ./Core/Src/stm32f4xx_it.o
                0x0000000008000e40                CAN1_RX0_IRQHandler
 .text.SystemInit
                0x0000000008000e54       0x24 ./Core/Src/system_stm32f4xx.o
                0x0000000008000e54                SystemInit
 .text.Reset_Handler
                0x0000000008000e78       0x50 ./Core/Startup/startup_stm32f407vgtx.o
                0x0000000008000e78                Reset_Handler
 .text.Default_Handler
                0x0000000008000ec8        0x2 ./Core/Startup/startup_stm32f407vgtx.o
                0x0000000008000ec8                RTC_Alarm_IRQHandler
                0x0000000008000ec8                HASH_RNG_IRQHandler
                0x0000000008000ec8                EXTI2_IRQHandler
                0x0000000008000ec8                TIM8_CC_IRQHandler
                0x0000000008000ec8                TIM1_CC_IRQHandler
                0x0000000008000ec8                DMA2_Stream5_IRQHandler
                0x0000000008000ec8                DMA1_Stream5_IRQHandler
                0x0000000008000ec8                PVD_IRQHandler
                0x0000000008000ec8                SDIO_IRQHandler
                0x0000000008000ec8                TAMP_STAMP_IRQHandler
                0x0000000008000ec8                CAN2_RX1_IRQHandler
                0x0000000008000ec8                EXTI3_IRQHandler
                0x0000000008000ec8                TIM8_TRG_COM_TIM14_IRQHandler
                0x0000000008000ec8                TIM1_UP_TIM10_IRQHandler
                0x0000000008000ec8                TIM8_UP_TIM13_IRQHandler
                0x0000000008000ec8                I2C3_ER_IRQHandler
                0x0000000008000ec8                EXTI0_IRQHandler
                0x0000000008000ec8                I2C2_EV_IRQHandler
                0x0000000008000ec8                DMA1_Stream2_IRQHandler
                0x0000000008000ec8                FPU_IRQHandler
                0x0000000008000ec8                OTG_HS_WKUP_IRQHandler
                0x0000000008000ec8                CAN2_SCE_IRQHandler
                0x0000000008000ec8                DMA2_Stream2_IRQHandler
                0x0000000008000ec8                SPI1_IRQHandler
                0x0000000008000ec8                TIM6_DAC_IRQHandler
                0x0000000008000ec8                TIM1_BRK_TIM9_IRQHandler
                0x0000000008000ec8                DCMI_IRQHandler
                0x0000000008000ec8                CAN2_RX0_IRQHandler
                0x0000000008000ec8                DMA2_Stream3_IRQHandler
                0x0000000008000ec8                USART6_IRQHandler
                0x0000000008000ec8                USART3_IRQHandler
                0x0000000008000ec8                CAN1_RX1_IRQHandler
                0x0000000008000ec8                UART5_IRQHandler
                0x0000000008000ec8                DMA2_Stream0_IRQHandler
                0x0000000008000ec8                TIM4_IRQHandler
                0x0000000008000ec8                I2C1_EV_IRQHandler
                0x0000000008000ec8                DMA1_Stream6_IRQHandler
                0x0000000008000ec8                DMA1_Stream1_IRQHandler
                0x0000000008000ec8                UART4_IRQHandler
                0x0000000008000ec8                TIM3_IRQHandler
                0x0000000008000ec8                RCC_IRQHandler
                0x0000000008000ec8                TIM8_BRK_TIM12_IRQHandler
                0x0000000008000ec8                Default_Handler
                0x0000000008000ec8                EXTI15_10_IRQHandler
                0x0000000008000ec8                DMA1_Stream7_IRQHandler
                0x0000000008000ec8                TIM7_IRQHandler
                0x0000000008000ec8                CAN2_TX_IRQHandler
                0x0000000008000ec8                TIM5_IRQHandler
                0x0000000008000ec8                DMA2_Stream7_IRQHandler
                0x0000000008000ec8                I2C3_EV_IRQHandler
                0x0000000008000ec8                EXTI9_5_IRQHandler
                0x0000000008000ec8                RTC_WKUP_IRQHandler
                0x0000000008000ec8                ETH_WKUP_IRQHandler
                0x0000000008000ec8                SPI2_IRQHandler
                0x0000000008000ec8                OTG_HS_EP1_IN_IRQHandler
                0x0000000008000ec8                DMA1_Stream0_IRQHandler
                0x0000000008000ec8                CAN1_TX_IRQHandler
                0x0000000008000ec8                EXTI4_IRQHandler
                0x0000000008000ec8                FSMC_IRQHandler
                0x0000000008000ec8                ETH_IRQHandler
                0x0000000008000ec8                OTG_HS_EP1_OUT_IRQHandler
                0x0000000008000ec8                WWDG_IRQHandler
                0x0000000008000ec8                TIM2_IRQHandler
                0x0000000008000ec8                OTG_FS_WKUP_IRQHandler
                0x0000000008000ec8                TIM1_TRG_COM_TIM11_IRQHandler
                0x0000000008000ec8                OTG_HS_IRQHandler
                0x0000000008000ec8                EXTI1_IRQHandler
                0x0000000008000ec8                USART2_IRQHandler
                0x0000000008000ec8                I2C2_ER_IRQHandler
                0x0000000008000ec8                DMA2_Stream1_IRQHandler
                0x0000000008000ec8                CAN1_SCE_IRQHandler
                0x0000000008000ec8                FLASH_IRQHandler
                0x0000000008000ec8                DMA2_Stream4_IRQHandler
                0x0000000008000ec8                USART1_IRQHandler
                0x0000000008000ec8                OTG_FS_IRQHandler
                0x0000000008000ec8                SPI3_IRQHandler
                0x0000000008000ec8                DMA1_Stream4_IRQHandler
                0x0000000008000ec8                I2C1_ER_IRQHandler
                0x0000000008000ec8                DMA2_Stream6_IRQHandler
                0x0000000008000ec8                DMA1_Stream3_IRQHandler
 *fill*         0x0000000008000eca        0x2 
 .text.HAL_Init
                0x0000000008000ecc       0x44 ./Drivers/STM32F4xx_HAL_Driver/Src/stm32f4xx_hal.o
                0x0000000008000ecc                HAL_Init
 .text.HAL_InitTick
                0x0000000008000f10       0x60 ./Drivers/STM32F4xx_HAL_Driver/Src/stm32f4xx_hal.o
                0x0000000008000f10                HAL_InitTick
 .text.HAL_IncTick
                0x0000000008000f70       0x28 ./Drivers/STM32F4xx_HAL_Driver/Src/stm32f4xx_hal.o
                0x0000000008000f70                HAL_IncTick
 .text.HAL_GetTick
                0x0000000008000f98       0x18 ./Drivers/STM32F4xx_HAL_Driver/Src/stm32f4xx_hal.o
                0x0000000008000f98                HAL_GetTick
 .text.HAL_Delay
                0x0000000008000fb0       0x48 ./Drivers/STM32F4xx_HAL_Driver/Src/stm32f4xx_hal.o
                0x0000000008000fb0                HAL_Delay
 .text.HAL_ADC_Init
                0x0000000008000ff8       0x86 ./Drivers/STM32F4xx_HAL_Driver/Src/stm32f4xx_hal_adc.o
                0x0000000008000ff8                HAL_ADC_Init
 .text.HAL_ADC_Stop
                0x000000000800107e       0x66 ./Drivers/STM32F4xx_HAL_Driver/Src/stm32f4xx_hal_adc.o
                0x000000000800107e                HAL_ADC_Stop
 .text.HAL_ADC_Start_IT
                0x00000000080010e4      0x1bc ./Drivers/STM32F4xx_HAL_Driver/Src/stm32f4xx_hal_adc.o
                0x00000000080010e4                HAL_ADC_Start_IT
 .text.HAL_ADC_IRQHandler
                0x00000000080012a0      0x220 ./Drivers/STM32F4xx_HAL_Driver/Src/stm32f4xx_hal_adc.o
                0x00000000080012a0                HAL_ADC_IRQHandler
 .text.HAL_ADC_GetValue
                0x00000000080014c0       0x1a ./Drivers/STM32F4xx_HAL_Driver/Src/stm32f4xx_hal_adc.o
                0x00000000080014c0                HAL_ADC_GetValue
 .text.HAL_ADC_LevelOutOfWindowCallback
                0x00000000080014da       0x14 ./Drivers/STM32F4xx_HAL_Driver/Src/stm32f4xx_hal_adc.o
                0x00000000080014da                HAL_ADC_LevelOutOfWindowCallback
 .text.HAL_ADC_ErrorCallback
                0x00000000080014ee       0x14 ./Drivers/STM32F4xx_HAL_Driver/Src/stm32f4xx_hal_adc.o
                0x00000000080014ee                HAL_ADC_ErrorCallback
 *fill*         0x0000000008001502        0x2 
 .text.HAL_ADC_ConfigChannel
                0x0000000008001504      0x244 ./Drivers/STM32F4xx_HAL_Driver/Src/stm32f4xx_hal_adc.o
                0x0000000008001504                HAL_ADC_ConfigChannel
 .text.ADC_Init
                0x0000000008001748      0x1f8 ./Drivers/STM32F4xx_HAL_Driver/Src/stm32f4xx_hal_adc.o
 .text.HAL_ADCEx_InjectedConvCpltCallback
                0x0000000008001940       0x14 ./Drivers/STM32F4xx_HAL_Driver/Src/stm32f4xx_hal_adc_ex.o
                0x0000000008001940                HAL_ADCEx_InjectedConvCpltCallback
 .text.HAL_CAN_Init
                0x0000000008001954      0x1f6 ./Drivers/STM32F4xx_HAL_Driver/Src/stm32f4xx_hal_can.o
                0x0000000008001954                HAL_CAN_Init
 *fill*         0x0000000008001b4a        0x2 
 .text.HAL_CAN_ConfigFilter
                0x0000000008001b4c      0x1c0 ./Drivers/STM32F4xx_HAL_Driver/Src/stm32f4xx_hal_can.o
                0x0000000008001b4c                HAL_CAN_ConfigFilter
 .text.HAL_CAN_Start
                0x0000000008001d0c       0x88 ./Drivers/STM32F4xx_HAL_Driver/Src/stm32f4xx_hal_can.o
                0x0000000008001d0c                HAL_CAN_Start
 .text.HAL_CAN_AddTxMessage
                0x0000000008001d94      0x1b6 ./Drivers/STM32F4xx_HAL_Driver/Src/stm32f4xx_hal_can.o
                0x0000000008001d94                HAL_CAN_AddTxMessage
 .text.HAL_CAN_ActivateNotification
                0x0000000008001f4a       0x4c ./Drivers/STM32F4xx_HAL_Driver/Src/stm32f4xx_hal_can.o
                0x0000000008001f4a                HAL_CAN_ActivateNotification
 .text.HAL_CAN_IRQHandler
                0x0000000008001f96      0x36e ./Drivers/STM32F4xx_HAL_Driver/Src/stm32f4xx_hal_can.o
                0x0000000008001f96                HAL_CAN_IRQHandler
 .text.HAL_CAN_TxMailbox1CompleteCallback
                0x0000000008002304       0x14 ./Drivers/STM32F4xx_HAL_Driver/Src/stm32f4xx_hal_can.o
                0x0000000008002304                HAL_CAN_TxMailbox1CompleteCallback
 .text.HAL_CAN_TxMailbox2CompleteCallback
                0x0000000008002318       0x14 ./Drivers/STM32F4xx_HAL_Driver/Src/stm32f4xx_hal_can.o
                0x0000000008002318                HAL_CAN_TxMailbox2CompleteCallback
 .text.HAL_CAN_TxMailbox0AbortCallback
                0x000000000800232c       0x14 ./Drivers/STM32F4xx_HAL_Driver/Src/stm32f4xx_hal_can.o
                0x000000000800232c                HAL_CAN_TxMailbox0AbortCallback
 .text.HAL_CAN_TxMailbox1AbortCallback
                0x0000000008002340       0x14 ./Drivers/STM32F4xx_HAL_Driver/Src/stm32f4xx_hal_can.o
                0x0000000008002340                HAL_CAN_TxMailbox1AbortCallback
 .text.HAL_CAN_TxMailbox2AbortCallback
                0x0000000008002354       0x14 ./Drivers/STM32F4xx_HAL_Driver/Src/stm32f4xx_hal_can.o
                0x0000000008002354                HAL_CAN_TxMailbox2AbortCallback
 .text.HAL_CAN_RxFifo0MsgPendingCallback
                0x0000000008002368       0x14 ./Drivers/STM32F4xx_HAL_Driver/Src/stm32f4xx_hal_can.o
                0x0000000008002368                HAL_CAN_RxFifo0MsgPendingCallback
 .text.HAL_CAN_RxFifo0FullCallback
                0x000000000800237c       0x14 ./Drivers/STM32F4xx_HAL_Driver/Src/stm32f4xx_hal_can.o
                0x000000000800237c                HAL_CAN_RxFifo0FullCallback
 .text.HAL_CAN_RxFifo1MsgPendingCallback
                0x0000000008002390       0x14 ./Drivers/STM32F4xx_HAL_Driver/Src/stm32f4xx_hal_can.o
                0x0000000008002390                HAL_CAN_RxFifo1MsgPendingCallback
 .text.HAL_CAN_RxFifo1FullCallback
                0x00000000080023a4       0x14 ./Drivers/STM32F4xx_HAL_Driver/Src/stm32f4xx_hal_can.o
                0x00000000080023a4                HAL_CAN_RxFifo1FullCallback
 .text.HAL_CAN_SleepCallback
                0x00000000080023b8       0x14 ./Drivers/STM32F4xx_HAL_Driver/Src/stm32f4xx_hal_can.o
                0x00000000080023b8                HAL_CAN_SleepCallback
 .text.HAL_CAN_WakeUpFromRxMsgCallback
                0x00000000080023cc       0x14 ./Drivers/STM32F4xx_HAL_Driver/Src/stm32f4xx_hal_can.o
                0x00000000080023cc                HAL_CAN_WakeUpFromRxMsgCallback
 .text.HAL_CAN_ErrorCallback
                0x00000000080023e0       0x14 ./Drivers/STM32F4xx_HAL_Driver/Src/stm32f4xx_hal_can.o
                0x00000000080023e0                HAL_CAN_ErrorCallback
 .text.__NVIC_SetPriorityGrouping
                0x00000000080023f4       0x48 ./Drivers/STM32F4xx_HAL_Driver/Src/stm32f4xx_hal_cortex.o
 .text.__NVIC_GetPriorityGrouping
                0x000000000800243c       0x1c ./Drivers/STM32F4xx_HAL_Driver/Src/stm32f4xx_hal_cortex.o
 .text.__NVIC_EnableIRQ
                0x0000000008002458       0x3c ./Drivers/STM32F4xx_HAL_Driver/Src/stm32f4xx_hal_cortex.o
 .text.__NVIC_SetPriority
                0x0000000008002494       0x54 ./Drivers/STM32F4xx_HAL_Driver/Src/stm32f4xx_hal_cortex.o
 .text.NVIC_EncodePriority
                0x00000000080024e8       0x66 ./Drivers/STM32F4xx_HAL_Driver/Src/stm32f4xx_hal_cortex.o
 *fill*         0x000000000800254e        0x2 
 .text.SysTick_Config
                0x0000000008002550       0x44 ./Drivers/STM32F4xx_HAL_Driver/Src/stm32f4xx_hal_cortex.o
 .text.HAL_NVIC_SetPriorityGrouping
                0x0000000008002594       0x16 ./Drivers/STM32F4xx_HAL_Driver/Src/stm32f4xx_hal_cortex.o
                0x0000000008002594                HAL_NVIC_SetPriorityGrouping
 .text.HAL_NVIC_SetPriority
                0x00000000080025aa       0x38 ./Drivers/STM32F4xx_HAL_Driver/Src/stm32f4xx_hal_cortex.o
                0x00000000080025aa                HAL_NVIC_SetPriority
 .text.HAL_NVIC_EnableIRQ
                0x00000000080025e2       0x1c ./Drivers/STM32F4xx_HAL_Driver/Src/stm32f4xx_hal_cortex.o
                0x00000000080025e2                HAL_NVIC_EnableIRQ
 .text.HAL_SYSTICK_Config
                0x00000000080025fe       0x18 ./Drivers/STM32F4xx_HAL_Driver/Src/stm32f4xx_hal_cortex.o
                0x00000000080025fe                HAL_SYSTICK_Config
 *fill*         0x0000000008002616        0x2 
 .text.HAL_GPIO_Init
                0x0000000008002618      0x338 ./Drivers/STM32F4xx_HAL_Driver/Src/stm32f4xx_hal_gpio.o
                0x0000000008002618                HAL_GPIO_Init
 .text.HAL_GPIO_WritePin
                0x0000000008002950       0x32 ./Drivers/STM32F4xx_HAL_Driver/Src/stm32f4xx_hal_gpio.o
                0x0000000008002950                HAL_GPIO_WritePin
 *fill*         0x0000000008002982        0x2 
 .text.HAL_RCC_OscConfig
                0x0000000008002984      0x4f0 ./Drivers/STM32F4xx_HAL_Driver/Src/stm32f4xx_hal_rcc.o
                0x0000000008002984                HAL_RCC_OscConfig
 .text.HAL_RCC_ClockConfig
                0x0000000008002e74      0x1cc ./Drivers/STM32F4xx_HAL_Driver/Src/stm32f4xx_hal_rcc.o
                0x0000000008002e74                HAL_RCC_ClockConfig
 .text.HAL_RCC_GetSysClockFreq
                0x0000000008003040      0x20c ./Drivers/STM32F4xx_HAL_Driver/Src/stm32f4xx_hal_rcc.o
                0x0000000008003040                HAL_RCC_GetSysClockFreq
 .text.__libc_init_array
                0x000000000800324c       0x48 /opt/st/stm32cubeide_1.12.1/plugins/com.st.stm32cube.ide.mcu.externaltools.gnu-tools-for-stm32.10.3-2021.10.linux64_1.0.200.202301161003/tools/bin/../lib/gcc/arm-none-eabi/10.3.1/../../../../arm-none-eabi/lib/thumb/v7e-m+fp/hard/libc_nano.a(lib_a-init.o)
                0x000000000800324c                __libc_init_array
 .text.memset   0x0000000008003294       0x10 /opt/st/stm32cubeide_1.12.1/plugins/com.st.stm32cube.ide.mcu.externaltools.gnu-tools-for-stm32.10.3-2021.10.linux64_1.0.200.202301161003/tools/bin/../lib/gcc/arm-none-eabi/10.3.1/../../../../arm-none-eabi/lib/thumb/v7e-m+fp/hard/libc_nano.a(lib_a-memset.o)
                0x0000000008003294                memset
 *(.glue_7)
 .glue_7        0x00000000080032a4        0x0 linker stubs
 *(.glue_7t)
 .glue_7t       0x00000000080032a4        0x0 linker stubs
 *(.eh_frame)
 .eh_frame      0x00000000080032a4        0x0 /opt/st/stm32cubeide_1.12.1/plugins/com.st.stm32cube.ide.mcu.externaltools.gnu-tools-for-stm32.10.3-2021.10.linux64_1.0.200.202301161003/tools/bin/../lib/gcc/arm-none-eabi/10.3.1/thumb/v7e-m+fp/hard/crtbegin.o
 *(.init)
 .init          0x00000000080032a4        0x4 /opt/st/stm32cubeide_1.12.1/plugins/com.st.stm32cube.ide.mcu.externaltools.gnu-tools-for-stm32.10.3-2021.10.linux64_1.0.200.202301161003/tools/bin/../lib/gcc/arm-none-eabi/10.3.1/thumb/v7e-m+fp/hard/crti.o
                0x00000000080032a4                _init
 .init          0x00000000080032a8        0x8 /opt/st/stm32cubeide_1.12.1/plugins/com.st.stm32cube.ide.mcu.externaltools.gnu-tools-for-stm32.10.3-2021.10.linux64_1.0.200.202301161003/tools/bin/../lib/gcc/arm-none-eabi/10.3.1/thumb/v7e-m+fp/hard/crtn.o
 *(.fini)
 .fini          0x00000000080032b0        0x4 /opt/st/stm32cubeide_1.12.1/plugins/com.st.stm32cube.ide.mcu.externaltools.gnu-tools-for-stm32.10.3-2021.10.linux64_1.0.200.202301161003/tools/bin/../lib/gcc/arm-none-eabi/10.3.1/thumb/v7e-m+fp/hard/crti.o
                0x00000000080032b0                _fini
 .fini          0x00000000080032b4        0x8 /opt/st/stm32cubeide_1.12.1/plugins/com.st.stm32cube.ide.mcu.externaltools.gnu-tools-for-stm32.10.3-2021.10.linux64_1.0.200.202301161003/tools/bin/../lib/gcc/arm-none-eabi/10.3.1/thumb/v7e-m+fp/hard/crtn.o
                0x00000000080032bc                . = ALIGN (0x4)
                0x00000000080032bc                _etext = .

.vfp11_veneer   0x00000000080032bc        0x0
 .vfp11_veneer  0x00000000080032bc        0x0 linker stubs

.v4_bx          0x00000000080032bc        0x0
 .v4_bx         0x00000000080032bc        0x0 linker stubs

.iplt           0x00000000080032bc        0x0
 .iplt          0x00000000080032bc        0x0 /opt/st/stm32cubeide_1.12.1/plugins/com.st.stm32cube.ide.mcu.externaltools.gnu-tools-for-stm32.10.3-2021.10.linux64_1.0.200.202301161003/tools/bin/../lib/gcc/arm-none-eabi/10.3.1/thumb/v7e-m+fp/hard/crtbegin.o

.rodata         0x00000000080032bc       0x10
                0x00000000080032bc                . = ALIGN (0x4)
 *(.rodata)
 *(.rodata*)
 .rodata.AHBPrescTable
                0x00000000080032bc       0x10 ./Core/Src/system_stm32f4xx.o
                0x00000000080032bc                AHBPrescTable
                0x00000000080032cc                . = ALIGN (0x4)

.ARM.extab      0x00000000080032cc        0x0
                0x00000000080032cc                . = ALIGN (0x4)
 *(.ARM.extab* .gnu.linkonce.armextab.*)
                0x00000000080032cc                . = ALIGN (0x4)

.ARM            0x00000000080032cc        0x8
                0x00000000080032cc                . = ALIGN (0x4)
                0x00000000080032cc                __exidx_start = .
 *(.ARM.exidx*)
 .ARM.exidx     0x00000000080032cc        0x8 /opt/st/stm32cubeide_1.12.1/plugins/com.st.stm32cube.ide.mcu.externaltools.gnu-tools-for-stm32.10.3-2021.10.linux64_1.0.200.202301161003/tools/bin/../lib/gcc/arm-none-eabi/10.3.1/thumb/v7e-m+fp/hard/libgcc.a(_udivmoddi4.o)
                0x00000000080032d4                __exidx_end = .
                0x00000000080032d4                . = ALIGN (0x4)

.rel.dyn        0x00000000080032d4        0x0
 .rel.iplt      0x00000000080032d4        0x0 /opt/st/stm32cubeide_1.12.1/plugins/com.st.stm32cube.ide.mcu.externaltools.gnu-tools-for-stm32.10.3-2021.10.linux64_1.0.200.202301161003/tools/bin/../lib/gcc/arm-none-eabi/10.3.1/thumb/v7e-m+fp/hard/crtbegin.o

.preinit_array  0x00000000080032d4        0x0
                0x00000000080032d4                . = ALIGN (0x4)
                0x00000000080032d4                PROVIDE (__preinit_array_start = .)
 *(.preinit_array*)
                0x00000000080032d4                PROVIDE (__preinit_array_end = .)
                0x00000000080032d4                . = ALIGN (0x4)

.init_array     0x00000000080032d4        0x4
                0x00000000080032d4                . = ALIGN (0x4)
                0x00000000080032d4                PROVIDE (__init_array_start = .)
 *(SORT_BY_NAME(.init_array.*))
 *(.init_array*)
 .init_array    0x00000000080032d4        0x4 /opt/st/stm32cubeide_1.12.1/plugins/com.st.stm32cube.ide.mcu.externaltools.gnu-tools-for-stm32.10.3-2021.10.linux64_1.0.200.202301161003/tools/bin/../lib/gcc/arm-none-eabi/10.3.1/thumb/v7e-m+fp/hard/crtbegin.o
                0x00000000080032d8                PROVIDE (__init_array_end = .)
                0x00000000080032d8                . = ALIGN (0x4)

.fini_array     0x00000000080032d8        0x4
                0x00000000080032d8                . = ALIGN (0x4)
                [!provide]                        PROVIDE (__fini_array_start = .)
 *(SORT_BY_NAME(.fini_array.*))
 *(.fini_array*)
 .fini_array    0x00000000080032d8        0x4 /opt/st/stm32cubeide_1.12.1/plugins/com.st.stm32cube.ide.mcu.externaltools.gnu-tools-for-stm32.10.3-2021.10.linux64_1.0.200.202301161003/tools/bin/../lib/gcc/arm-none-eabi/10.3.1/thumb/v7e-m+fp/hard/crtbegin.o
                [!provide]                        PROVIDE (__fini_array_end = .)
                0x00000000080032dc                . = ALIGN (0x4)
                0x00000000080032dc                _sidata = LOADADDR (.data)

.data           0x0000000020000000       0x10 load address 0x00000000080032dc
                0x0000000020000000                . = ALIGN (0x4)
                0x0000000020000000                _sdata = .
 *(.data)
 *(.data*)
 .data.check_flag
                0x0000000020000000        0x1 ./Core/Src/main.o
                0x0000000020000000                check_flag
 *fill*         0x0000000020000001        0x3 
 .data.SystemCoreClock
                0x0000000020000004        0x4 ./Core/Src/system_stm32f4xx.o
                0x0000000020000004                SystemCoreClock
 .data.uwTickPrio
                0x0000000020000008        0x4 ./Drivers/STM32F4xx_HAL_Driver/Src/stm32f4xx_hal.o
                0x0000000020000008                uwTickPrio
 .data.uwTickFreq
                0x000000002000000c        0x1 ./Drivers/STM32F4xx_HAL_Driver/Src/stm32f4xx_hal.o
                0x000000002000000c                uwTickFreq
 *(.RamFunc)
 *(.RamFunc*)
                0x0000000020000010                . = ALIGN (0x4)
 *fill*         0x000000002000000d        0x3 
                0x0000000020000010                _edata = .
                0x00000000080032ec                _siccmram = LOADADDR (.ccmram)

.igot.plt       0x0000000020000010        0x0 load address 0x00000000080032ec
 .igot.plt      0x0000000020000010        0x0 /opt/st/stm32cubeide_1.12.1/plugins/com.st.stm32cube.ide.mcu.externaltools.gnu-tools-for-stm32.10.3-2021.10.linux64_1.0.200.202301161003/tools/bin/../lib/gcc/arm-none-eabi/10.3.1/thumb/v7e-m+fp/hard/crtbegin.o

.ccmram         0x0000000010000000        0x0 load address 0x00000000080032ec
                0x0000000010000000                . = ALIGN (0x4)
                0x0000000010000000                _sccmram = .
 *(.ccmram)
 *(.ccmram*)
                0x0000000010000000                . = ALIGN (0x4)
                0x0000000010000000                _eccmram = .
                0x0000000010000000                . = ALIGN (0x4)

.bss            0x0000000020000010      0x150
                0x0000000020000010                _sbss = .
                0x0000000020000010                __bss_start__ = _sbss
 *(.bss)
 .bss           0x0000000020000010       0x1c /opt/st/stm32cubeide_1.12.1/plugins/com.st.stm32cube.ide.mcu.externaltools.gnu-tools-for-stm32.10.3-2021.10.linux64_1.0.200.202301161003/tools/bin/../lib/gcc/arm-none-eabi/10.3.1/thumb/v7e-m+fp/hard/crtbegin.o
 *(.bss*)
 .bss.hadc1     0x000000002000002c       0x48 ./Core/Src/main.o
                0x000000002000002c                hadc1
 .bss.hadc2     0x0000000020000074       0x48 ./Core/Src/main.o
                0x0000000020000074                hadc2
 .bss.hadc3     0x00000000200000bc       0x48 ./Core/Src/main.o
                0x00000000200000bc                hadc3
 .bss.hcan1     0x0000000020000104       0x28 ./Core/Src/main.o
                0x0000000020000104                hcan1
 .bss.IR_Flag   0x000000002000012c        0x4 ./Core/Src/main.o
                0x000000002000012c                IR_Flag
 .bss.ALC_Flag  0x0000000020000130        0x4 ./Core/Src/main.o
                0x0000000020000130                ALC_Flag
 .bss.FUEL_Flag
                0x0000000020000134        0x4 ./Core/Src/main.o
                0x0000000020000134                FUEL_Flag
 .bss.TxHeader  0x0000000020000138       0x18 ./Core/Src/main.o
                0x0000000020000138                TxHeader
 .bss.TxData    0x0000000020000150        0x5 ./Core/Src/main.o
                0x0000000020000150                TxData
 *fill*         0x0000000020000155        0x3 
 .bss.TxMailBox
                0x0000000020000158        0x4 ./Core/Src/main.o
                0x0000000020000158                TxMailBox
 .bss.uwTick    0x000000002000015c        0x4 ./Drivers/STM32F4xx_HAL_Driver/Src/stm32f4xx_hal.o
                0x000000002000015c                uwTick
 *(COMMON)
                0x0000000020000160                . = ALIGN (0x4)
                0x0000000020000160                _ebss = .
                0x0000000020000160                __bss_end__ = _ebss

._user_heap_stack
                0x0000000020000160      0x600
                0x0000000020000160                . = ALIGN (0x8)
                [!provide]                        PROVIDE (end = .)
                0x0000000020000160                PROVIDE (_end = .)
                0x0000000020000360                . = (. + _Min_Heap_Size)
 *fill*         0x0000000020000160      0x200 
                0x0000000020000760                . = (. + _Min_Stack_Size)
 *fill*         0x0000000020000360      0x400 
                0x0000000020000760                . = ALIGN (0x8)

/DISCARD/
 libc.a(*)
 libm.a(*)
 libgcc.a(*)

.ARM.attributes
                0x0000000000000000       0x30
 *(.ARM.attributes)
 .ARM.attributes
                0x0000000000000000       0x1e /opt/st/stm32cubeide_1.12.1/plugins/com.st.stm32cube.ide.mcu.externaltools.gnu-tools-for-stm32.10.3-2021.10.linux64_1.0.200.202301161003/tools/bin/../lib/gcc/arm-none-eabi/10.3.1/thumb/v7e-m+fp/hard/crti.o
 .ARM.attributes
                0x000000000000001e       0x34 /opt/st/stm32cubeide_1.12.1/plugins/com.st.stm32cube.ide.mcu.externaltools.gnu-tools-for-stm32.10.3-2021.10.linux64_1.0.200.202301161003/tools/bin/../lib/gcc/arm-none-eabi/10.3.1/thumb/v7e-m+fp/hard/crtbegin.o
 .ARM.attributes
                0x0000000000000052       0x34 ./Core/Src/main.o
 .ARM.attributes
                0x0000000000000086       0x34 ./Core/Src/stm32f4xx_hal_msp.o
 .ARM.attributes
                0x00000000000000ba       0x34 ./Core/Src/stm32f4xx_it.o
 .ARM.attributes
                0x00000000000000ee       0x34 ./Core/Src/system_stm32f4xx.o
 .ARM.attributes
                0x0000000000000122       0x21 ./Core/Startup/startup_stm32f407vgtx.o
 .ARM.attributes
                0x0000000000000143       0x34 ./Drivers/STM32F4xx_HAL_Driver/Src/stm32f4xx_hal.o
 .ARM.attributes
                0x0000000000000177       0x34 ./Drivers/STM32F4xx_HAL_Driver/Src/stm32f4xx_hal_adc.o
 .ARM.attributes
                0x00000000000001ab       0x34 ./Drivers/STM32F4xx_HAL_Driver/Src/stm32f4xx_hal_adc_ex.o
 .ARM.attributes
                0x00000000000001df       0x34 ./Drivers/STM32F4xx_HAL_Driver/Src/stm32f4xx_hal_can.o
 .ARM.attributes
                0x0000000000000213       0x34 ./Drivers/STM32F4xx_HAL_Driver/Src/stm32f4xx_hal_cortex.o
 .ARM.attributes
                0x0000000000000247       0x34 ./Drivers/STM32F4xx_HAL_Driver/Src/stm32f4xx_hal_gpio.o
 .ARM.attributes
                0x000000000000027b       0x34 ./Drivers/STM32F4xx_HAL_Driver/Src/stm32f4xx_hal_rcc.o
 .ARM.attributes
                0x00000000000002af       0x34 /opt/st/stm32cubeide_1.12.1/plugins/com.st.stm32cube.ide.mcu.externaltools.gnu-tools-for-stm32.10.3-2021.10.linux64_1.0.200.202301161003/tools/bin/../lib/gcc/arm-none-eabi/10.3.1/../../../../arm-none-eabi/lib/thumb/v7e-m+fp/hard/libc_nano.a(lib_a-init.o)
 .ARM.attributes
                0x00000000000002e3       0x34 /opt/st/stm32cubeide_1.12.1/plugins/com.st.stm32cube.ide.mcu.externaltools.gnu-tools-for-stm32.10.3-2021.10.linux64_1.0.200.202301161003/tools/bin/../lib/gcc/arm-none-eabi/10.3.1/../../../../arm-none-eabi/lib/thumb/v7e-m+fp/hard/libc_nano.a(lib_a-memset.o)
 .ARM.attributes
                0x0000000000000317       0x1e /opt/st/stm32cubeide_1.12.1/plugins/com.st.stm32cube.ide.mcu.externaltools.gnu-tools-for-stm32.10.3-2021.10.linux64_1.0.200.202301161003/tools/bin/../lib/gcc/arm-none-eabi/10.3.1/thumb/v7e-m+fp/hard/libgcc.a(_aeabi_uldivmod.o)
 .ARM.attributes
                0x0000000000000335       0x34 /opt/st/stm32cubeide_1.12.1/plugins/com.st.stm32cube.ide.mcu.externaltools.gnu-tools-for-stm32.10.3-2021.10.linux64_1.0.200.202301161003/tools/bin/../lib/gcc/arm-none-eabi/10.3.1/thumb/v7e-m+fp/hard/libgcc.a(_udivmoddi4.o)
 .ARM.attributes
                0x0000000000000369       0x1e /opt/st/stm32cubeide_1.12.1/plugins/com.st.stm32cube.ide.mcu.externaltools.gnu-tools-for-stm32.10.3-2021.10.linux64_1.0.200.202301161003/tools/bin/../lib/gcc/arm-none-eabi/10.3.1/thumb/v7e-m+fp/hard/libgcc.a(_dvmd_tls.o)
 .ARM.attributes
                0x0000000000000387       0x1e /opt/st/stm32cubeide_1.12.1/plugins/com.st.stm32cube.ide.mcu.externaltools.gnu-tools-for-stm32.10.3-2021.10.linux64_1.0.200.202301161003/tools/bin/../lib/gcc/arm-none-eabi/10.3.1/thumb/v7e-m+fp/hard/crtn.o
OUTPUT(Tx.elf elf32-littlearm)
LOAD linker stubs
LOAD /opt/st/stm32cubeide_1.12.1/plugins/com.st.stm32cube.ide.mcu.externaltools.gnu-tools-for-stm32.10.3-2021.10.linux64_1.0.200.202301161003/tools/bin/../lib/gcc/arm-none-eabi/10.3.1/../../../../arm-none-eabi/lib/thumb/v7e-m+fp/hard/libc.a
LOAD /opt/st/stm32cubeide_1.12.1/plugins/com.st.stm32cube.ide.mcu.externaltools.gnu-tools-for-stm32.10.3-2021.10.linux64_1.0.200.202301161003/tools/bin/../lib/gcc/arm-none-eabi/10.3.1/../../../../arm-none-eabi/lib/thumb/v7e-m+fp/hard/libm.a
LOAD /opt/st/stm32cubeide_1.12.1/plugins/com.st.stm32cube.ide.mcu.externaltools.gnu-tools-for-stm32.10.3-2021.10.linux64_1.0.200.202301161003/tools/bin/../lib/gcc/arm-none-eabi/10.3.1/thumb/v7e-m+fp/hard/libgcc.a

.debug_info     0x0000000000000000     0x8663
 .debug_info    0x0000000000000000     0x146c ./Core/Src/main.o
 .debug_info    0x000000000000146c     0x10de ./Core/Src/stm32f4xx_hal_msp.o
 .debug_info    0x000000000000254a      0xa5e ./Core/Src/stm32f4xx_it.o
 .debug_info    0x0000000000002fa8      0x523 ./Core/Src/system_stm32f4xx.o
 .debug_info    0x00000000000034cb       0x22 ./Core/Startup/startup_stm32f407vgtx.o
 .debug_info    0x00000000000034ed      0x97c ./Drivers/STM32F4xx_HAL_Driver/Src/stm32f4xx_hal.o
 .debug_info    0x0000000000003e69      0xd70 ./Drivers/STM32F4xx_HAL_Driver/Src/stm32f4xx_hal_adc.o
 .debug_info    0x0000000000004bd9      0xbdc ./Drivers/STM32F4xx_HAL_Driver/Src/stm32f4xx_hal_adc_ex.o
 .debug_info    0x00000000000057b5      0xfc3 ./Drivers/STM32F4xx_HAL_Driver/Src/stm32f4xx_hal_can.o
 .debug_info    0x0000000000006778      0xe1b ./Drivers/STM32F4xx_HAL_Driver/Src/stm32f4xx_hal_cortex.o
 .debug_info    0x0000000000007593      0x76a ./Drivers/STM32F4xx_HAL_Driver/Src/stm32f4xx_hal_gpio.o
 .debug_info    0x0000000000007cfd      0x966 ./Drivers/STM32F4xx_HAL_Driver/Src/stm32f4xx_hal_rcc.o

.debug_abbrev   0x0000000000000000     0x1824
 .debug_abbrev  0x0000000000000000      0x2c6 ./Core/Src/main.o
 .debug_abbrev  0x00000000000002c6      0x221 ./Core/Src/stm32f4xx_hal_msp.o
 .debug_abbrev  0x00000000000004e7      0x1b3 ./Core/Src/stm32f4xx_it.o
 .debug_abbrev  0x000000000000069a      0x116 ./Core/Src/system_stm32f4xx.o
 .debug_abbrev  0x00000000000007b0       0x12 ./Core/Startup/startup_stm32f407vgtx.o
 .debug_abbrev  0x00000000000007c2      0x20d ./Drivers/STM32F4xx_HAL_Driver/Src/stm32f4xx_hal.o
 .debug_abbrev  0x00000000000009cf      0x244 ./Drivers/STM32F4xx_HAL_Driver/Src/stm32f4xx_hal_adc.o
 .debug_abbrev  0x0000000000000c13      0x25f ./Drivers/STM32F4xx_HAL_Driver/Src/stm32f4xx_hal_adc_ex.o
 .debug_abbrev  0x0000000000000e72      0x22e ./Drivers/STM32F4xx_HAL_Driver/Src/stm32f4xx_hal_can.o
 .debug_abbrev  0x00000000000010a0      0x316 ./Drivers/STM32F4xx_HAL_Driver/Src/stm32f4xx_hal_cortex.o
 .debug_abbrev  0x00000000000013b6      0x1c4 ./Drivers/STM32F4xx_HAL_Driver/Src/stm32f4xx_hal_gpio.o
 .debug_abbrev  0x000000000000157a      0x2aa ./Drivers/STM32F4xx_HAL_Driver/Src/stm32f4xx_hal_rcc.o

.debug_aranges  0x0000000000000000      0x700
 .debug_aranges
                0x0000000000000000       0x68 ./Core/Src/main.o
 .debug_aranges
                0x0000000000000068       0x40 ./Core/Src/stm32f4xx_hal_msp.o
 .debug_aranges
                0x00000000000000a8       0x70 ./Core/Src/stm32f4xx_it.o
 .debug_aranges
                0x0000000000000118       0x28 ./Core/Src/system_stm32f4xx.o
 .debug_aranges
                0x0000000000000140       0x28 ./Core/Startup/startup_stm32f407vgtx.o
 .debug_aranges
                0x0000000000000168       0xf0 ./Drivers/STM32F4xx_HAL_Driver/Src/stm32f4xx_hal.o
 .debug_aranges
                0x0000000000000258       0xe8 ./Drivers/STM32F4xx_HAL_Driver/Src/stm32f4xx_hal_adc.o
 .debug_aranges
                0x0000000000000340       0x90 ./Drivers/STM32F4xx_HAL_Driver/Src/stm32f4xx_hal_adc_ex.o
 .debug_aranges
                0x00000000000003d0      0x138 ./Drivers/STM32F4xx_HAL_Driver/Src/stm32f4xx_hal_can.o
 .debug_aranges
                0x0000000000000508      0x118 ./Drivers/STM32F4xx_HAL_Driver/Src/stm32f4xx_hal_cortex.o
 .debug_aranges
                0x0000000000000620       0x58 ./Drivers/STM32F4xx_HAL_Driver/Src/stm32f4xx_hal_gpio.o
 .debug_aranges
                0x0000000000000678       0x88 ./Drivers/STM32F4xx_HAL_Driver/Src/stm32f4xx_hal_rcc.o

.debug_ranges   0x0000000000000000      0x690
 .debug_ranges  0x0000000000000000       0xa0 ./Core/Src/main.o
 .debug_ranges  0x00000000000000a0       0x30 ./Core/Src/stm32f4xx_hal_msp.o
 .debug_ranges  0x00000000000000d0       0x60 ./Core/Src/stm32f4xx_it.o
 .debug_ranges  0x0000000000000130       0x18 ./Core/Src/system_stm32f4xx.o
 .debug_ranges  0x0000000000000148       0x20 ./Core/Startup/startup_stm32f407vgtx.o
 .debug_ranges  0x0000000000000168       0xe0 ./Drivers/STM32F4xx_HAL_Driver/Src/stm32f4xx_hal.o
 .debug_ranges  0x0000000000000248       0xd8 ./Drivers/STM32F4xx_HAL_Driver/Src/stm32f4xx_hal_adc.o
 .debug_ranges  0x0000000000000320       0x80 ./Drivers/STM32F4xx_HAL_Driver/Src/stm32f4xx_hal_adc_ex.o
 .debug_ranges  0x00000000000003a0      0x128 ./Drivers/STM32F4xx_HAL_Driver/Src/stm32f4xx_hal_can.o
 .debug_ranges  0x00000000000004c8      0x108 ./Drivers/STM32F4xx_HAL_Driver/Src/stm32f4xx_hal_cortex.o
 .debug_ranges  0x00000000000005d0       0x48 ./Drivers/STM32F4xx_HAL_Driver/Src/stm32f4xx_hal_gpio.o
 .debug_ranges  0x0000000000000618       0x78 ./Drivers/STM32F4xx_HAL_Driver/Src/stm32f4xx_hal_rcc.o

.debug_macro    0x0000000000000000    0x215fb
 .debug_macro   0x0000000000000000      0x34b ./Core/Src/main.o
 .debug_macro   0x000000000000034b      0xa78 ./Core/Src/main.o
 .debug_macro   0x0000000000000dc3      0x29b ./Core/Src/main.o
 .debug_macro   0x000000000000105e       0x2e ./Core/Src/main.o
 .debug_macro   0x000000000000108c       0x2f ./Core/Src/main.o
 .debug_macro   0x00000000000010bb       0x22 ./Core/Src/main.o
 .debug_macro   0x00000000000010dd       0x8e ./Core/Src/main.o
 .debug_macro   0x000000000000116b       0x51 ./Core/Src/main.o
 .debug_macro   0x00000000000011bc      0x103 ./Core/Src/main.o
 .debug_macro   0x00000000000012bf       0x6a ./Core/Src/main.o
 .debug_macro   0x0000000000001329      0x1df ./Core/Src/main.o
 .debug_macro   0x0000000000001508       0x1c ./Core/Src/main.o
 .debug_macro   0x0000000000001524       0x22 ./Core/Src/main.o
 .debug_macro   0x0000000000001546       0xd9 ./Core/Src/main.o
 .debug_macro   0x000000000000161f     0x102d ./Core/Src/main.o
 .debug_macro   0x000000000000264c      0x11f ./Core/Src/main.o
 .debug_macro   0x000000000000276b    0x15e82 ./Core/Src/main.o
 .debug_macro   0x00000000000185ed       0x6d ./Core/Src/main.o
 .debug_macro   0x000000000001865a     0x367e ./Core/Src/main.o
 .debug_macro   0x000000000001bcd8      0x174 ./Core/Src/main.o
 .debug_macro   0x000000000001be4c       0x5c ./Core/Src/main.o
 .debug_macro   0x000000000001bea8      0x96b ./Core/Src/main.o
 .debug_macro   0x000000000001c813      0x9fe ./Core/Src/main.o
 .debug_macro   0x000000000001d211      0x115 ./Core/Src/main.o
 .debug_macro   0x000000000001d326      0x13e ./Core/Src/main.o
 .debug_macro   0x000000000001d464       0xa5 ./Core/Src/main.o
 .debug_macro   0x000000000001d509      0x174 ./Core/Src/main.o
 .debug_macro   0x000000000001d67d      0x287 ./Core/Src/main.o
 .debug_macro   0x000000000001d904       0x5f ./Core/Src/main.o
 .debug_macro   0x000000000001d963      0x236 ./Core/Src/main.o
 .debug_macro   0x000000000001db99      0xb5b ./Core/Src/main.o
 .debug_macro   0x000000000001e6f4      0x38b ./Core/Src/main.o
 .debug_macro   0x000000000001ea7f      0x176 ./Core/Src/main.o
 .debug_macro   0x000000000001ebf5       0xf9 ./Core/Src/main.o
 .debug_macro   0x000000000001ecee      0x40f ./Core/Src/main.o
 .debug_macro   0x000000000001f0fd      0x12c ./Core/Src/main.o
 .debug_macro   0x000000000001f229      0x21e ./Core/Src/main.o
 .debug_macro   0x000000000001f447       0x2e ./Core/Src/main.o
 .debug_macro   0x000000000001f475      0x11a ./Core/Src/main.o
 .debug_macro   0x000000000001f58f       0x7e ./Core/Src/main.o
 .debug_macro   0x000000000001f60d       0x89 ./Core/Src/main.o
 .debug_macro   0x000000000001f696      0x12d ./Core/Src/main.o
 .debug_macro   0x000000000001f7c3       0x52 ./Core/Src/main.o
 .debug_macro   0x000000000001f815       0x1e ./Core/Src/main.o
 .debug_macro   0x000000000001f833       0x3c ./Core/Src/main.o
 .debug_macro   0x000000000001f86f       0x34 ./Core/Src/main.o
 .debug_macro   0x000000000001f8a3       0x16 ./Core/Src/main.o
 .debug_macro   0x000000000001f8b9       0x35 ./Core/Src/main.o
 .debug_macro   0x000000000001f8ee      0x341 ./Core/Src/main.o
 .debug_macro   0x000000000001fc2f       0x10 ./Core/Src/main.o
 .debug_macro   0x000000000001fc3f       0x16 ./Core/Src/main.o
 .debug_macro   0x000000000001fc55       0x43 ./Core/Src/main.o
 .debug_macro   0x000000000001fc98       0x34 ./Core/Src/main.o
 .debug_macro   0x000000000001fccc       0x10 ./Core/Src/main.o
 .debug_macro   0x000000000001fcdc       0x58 ./Core/Src/main.o
 .debug_macro   0x000000000001fd34       0x71 ./Core/Src/main.o
 .debug_macro   0x000000000001fda5       0x1c ./Core/Src/main.o
 .debug_macro   0x000000000001fdc1      0x12a ./Core/Src/main.o
 .debug_macro   0x000000000001feeb       0x10 ./Core/Src/main.o
 .debug_macro   0x000000000001fefb       0x1c ./Core/Src/main.o
 .debug_macro   0x000000000001ff17       0x52 ./Core/Src/main.o
 .debug_macro   0x000000000001ff69       0x22 ./Core/Src/main.o
 .debug_macro   0x000000000001ff8b       0x10 ./Core/Src/main.o
 .debug_macro   0x000000000001ff9b       0x52 ./Core/Src/main.o
 .debug_macro   0x000000000001ffed       0xd5 ./Core/Src/main.o
 .debug_macro   0x00000000000200c2       0x1c ./Core/Src/main.o
 .debug_macro   0x00000000000200de       0x3d ./Core/Src/main.o
 .debug_macro   0x000000000002011b       0x16 ./Core/Src/main.o
 .debug_macro   0x0000000000020131      0x145 ./Core/Src/main.o
 .debug_macro   0x0000000000020276      0x1ec ./Core/Src/stm32f4xx_hal_msp.o
 .debug_macro   0x0000000000020462      0x1f6 ./Core/Src/stm32f4xx_it.o
 .debug_macro   0x0000000000020658      0x1e2 ./Core/Src/system_stm32f4xx.o
 .debug_macro   0x000000000002083a      0x242 ./Drivers/STM32F4xx_HAL_Driver/Src/stm32f4xx_hal.o
 .debug_macro   0x0000000000020a7c      0x1e3 ./Drivers/STM32F4xx_HAL_Driver/Src/stm32f4xx_hal_adc.o
 .debug_macro   0x0000000000020c5f      0x1e2 ./Drivers/STM32F4xx_HAL_Driver/Src/stm32f4xx_hal_adc_ex.o
 .debug_macro   0x0000000000020e41      0x1ea ./Drivers/STM32F4xx_HAL_Driver/Src/stm32f4xx_hal_can.o
 .debug_macro   0x000000000002102b      0x1e2 ./Drivers/STM32F4xx_HAL_Driver/Src/stm32f4xx_hal_cortex.o
 .debug_macro   0x000000000002120d      0x1e8 ./Drivers/STM32F4xx_HAL_Driver/Src/stm32f4xx_hal_gpio.o
 .debug_macro   0x00000000000213f5      0x206 ./Drivers/STM32F4xx_HAL_Driver/Src/stm32f4xx_hal_rcc.o

.debug_line     0x0000000000000000     0x8224
 .debug_line    0x0000000000000000      0xb8b ./Core/Src/main.o
 .debug_line    0x0000000000000b8b      0x7ad ./Core/Src/stm32f4xx_hal_msp.o
 .debug_line    0x0000000000001338      0x7a9 ./Core/Src/stm32f4xx_it.o
 .debug_line    0x0000000000001ae1      0x736 ./Core/Src/system_stm32f4xx.o
 .debug_line    0x0000000000002217       0x88 ./Core/Startup/startup_stm32f407vgtx.o
 .debug_line    0x000000000000229f      0x99c ./Drivers/STM32F4xx_HAL_Driver/Src/stm32f4xx_hal.o
 .debug_line    0x0000000000002c3b     0x1212 ./Drivers/STM32F4xx_HAL_Driver/Src/stm32f4xx_hal_adc.o
 .debug_line    0x0000000000003e4d      0xe5c ./Drivers/STM32F4xx_HAL_Driver/Src/stm32f4xx_hal_adc_ex.o
 .debug_line    0x0000000000004ca9     0x1108 ./Drivers/STM32F4xx_HAL_Driver/Src/stm32f4xx_hal_can.o
 .debug_line    0x0000000000005db1      0xc4b ./Drivers/STM32F4xx_HAL_Driver/Src/stm32f4xx_hal_cortex.o
 .debug_line    0x00000000000069fc      0xb10 ./Drivers/STM32F4xx_HAL_Driver/Src/stm32f4xx_hal_gpio.o
 .debug_line    0x000000000000750c      0xd18 ./Drivers/STM32F4xx_HAL_Driver/Src/stm32f4xx_hal_rcc.o

.debug_str      0x0000000000000000    0xcf34a
 .debug_str     0x0000000000000000    0xcd598 ./Core/Src/main.o
                                      0xcd90a (size before relaxing)
 .debug_str     0x00000000000cd598      0x5b4 ./Core/Src/stm32f4xx_hal_msp.o
                                      0xc9cb5 (size before relaxing)
 .debug_str     0x00000000000cdb4c      0x103 ./Core/Src/stm32f4xx_it.o
                                      0xc96a1 (size before relaxing)
 .debug_str     0x00000000000cdc4f       0xdb ./Core/Src/system_stm32f4xx.o
                                      0xc912c (size before relaxing)
 .debug_str     0x00000000000cdd2a       0x36 ./Core/Startup/startup_stm32f407vgtx.o
                                         0x54 (size before relaxing)
 .debug_str     0x00000000000cdd60      0x5f0 ./Drivers/STM32F4xx_HAL_Driver/Src/stm32f4xx_hal.o
                                      0xc9cb0 (size before relaxing)
 .debug_str     0x00000000000ce350      0x284 ./Drivers/STM32F4xx_HAL_Driver/Src/stm32f4xx_hal_adc.o
                                      0xc9719 (size before relaxing)
 .debug_str     0x00000000000ce5d4      0x2df ./Drivers/STM32F4xx_HAL_Driver/Src/stm32f4xx_hal_adc_ex.o
                                      0xc976d (size before relaxing)
 .debug_str     0x00000000000ce8b3      0x418 ./Drivers/STM32F4xx_HAL_Driver/Src/stm32f4xx_hal_can.o
                                      0xc9818 (size before relaxing)
 .debug_str     0x00000000000ceccb      0x32b ./Drivers/STM32F4xx_HAL_Driver/Src/stm32f4xx_hal_cortex.o
                                      0xc99e3 (size before relaxing)
 .debug_str     0x00000000000ceff6      0x121 ./Drivers/STM32F4xx_HAL_Driver/Src/stm32f4xx_hal_gpio.o
                                      0xc92a7 (size before relaxing)
 .debug_str     0x00000000000cf117      0x233 ./Drivers/STM32F4xx_HAL_Driver/Src/stm32f4xx_hal_rcc.o
                                      0xc9560 (size before relaxing)

.comment        0x0000000000000000       0x50
 .comment       0x0000000000000000       0x50 ./Core/Src/main.o
                                         0x51 (size before relaxing)
 .comment       0x0000000000000050       0x51 ./Core/Src/stm32f4xx_hal_msp.o
 .comment       0x0000000000000050       0x51 ./Core/Src/stm32f4xx_it.o
 .comment       0x0000000000000050       0x51 ./Core/Src/system_stm32f4xx.o
 .comment       0x0000000000000050       0x51 ./Drivers/STM32F4xx_HAL_Driver/Src/stm32f4xx_hal.o
 .comment       0x0000000000000050       0x51 ./Drivers/STM32F4xx_HAL_Driver/Src/stm32f4xx_hal_adc.o
 .comment       0x0000000000000050       0x51 ./Drivers/STM32F4xx_HAL_Driver/Src/stm32f4xx_hal_adc_ex.o
 .comment       0x0000000000000050       0x51 ./Drivers/STM32F4xx_HAL_Driver/Src/stm32f4xx_hal_can.o
 .comment       0x0000000000000050       0x51 ./Drivers/STM32F4xx_HAL_Driver/Src/stm32f4xx_hal_cortex.o
 .comment       0x0000000000000050       0x51 ./Drivers/STM32F4xx_HAL_Driver/Src/stm32f4xx_hal_gpio.o
 .comment       0x0000000000000050       0x51 ./Drivers/STM32F4xx_HAL_Driver/Src/stm32f4xx_hal_rcc.o

.debug_frame    0x0000000000000000     0x1ba0
 .debug_frame   0x0000000000000000      0x164 ./Core/Src/main.o
 .debug_frame   0x0000000000000164       0xc4 ./Core/Src/stm32f4xx_hal_msp.o
 .debug_frame   0x0000000000000228      0x13c ./Core/Src/stm32f4xx_it.o
 .debug_frame   0x0000000000000364       0x58 ./Core/Src/system_stm32f4xx.o
 .debug_frame   0x00000000000003bc      0x374 ./Drivers/STM32F4xx_HAL_Driver/Src/stm32f4xx_hal.o
 .debug_frame   0x0000000000000730      0x3fc ./Drivers/STM32F4xx_HAL_Driver/Src/stm32f4xx_hal_adc.o
 .debug_frame   0x0000000000000b2c      0x250 ./Drivers/STM32F4xx_HAL_Driver/Src/stm32f4xx_hal_adc_ex.o
 .debug_frame   0x0000000000000d7c      0x5a0 ./Drivers/STM32F4xx_HAL_Driver/Src/stm32f4xx_hal_can.o
 .debug_frame   0x000000000000131c      0x498 ./Drivers/STM32F4xx_HAL_Driver/Src/stm32f4xx_hal_cortex.o
 .debug_frame   0x00000000000017b4      0x14c ./Drivers/STM32F4xx_HAL_Driver/Src/stm32f4xx_hal_gpio.o
 .debug_frame   0x0000000000001900      0x1f4 ./Drivers/STM32F4xx_HAL_Driver/Src/stm32f4xx_hal_rcc.o
 .debug_frame   0x0000000000001af4       0x2c /opt/st/stm32cubeide_1.12.1/plugins/com.st.stm32cube.ide.mcu.externaltools.gnu-tools-for-stm32.10.3-2021.10.linux64_1.0.200.202301161003/tools/bin/../lib/gcc/arm-none-eabi/10.3.1/../../../../arm-none-eabi/lib/thumb/v7e-m+fp/hard/libc_nano.a(lib_a-init.o)
 .debug_frame   0x0000000000001b20       0x20 /opt/st/stm32cubeide_1.12.1/plugins/com.st.stm32cube.ide.mcu.externaltools.gnu-tools-for-stm32.10.3-2021.10.linux64_1.0.200.202301161003/tools/bin/../lib/gcc/arm-none-eabi/10.3.1/../../../../arm-none-eabi/lib/thumb/v7e-m+fp/hard/libc_nano.a(lib_a-memset.o)
 .debug_frame   0x0000000000001b40       0x2c /opt/st/stm32cubeide_1.12.1/plugins/com.st.stm32cube.ide.mcu.externaltools.gnu-tools-for-stm32.10.3-2021.10.linux64_1.0.200.202301161003/tools/bin/../lib/gcc/arm-none-eabi/10.3.1/thumb/v7e-m+fp/hard/libgcc.a(_aeabi_uldivmod.o)
 .debug_frame   0x0000000000001b6c       0x34 /opt/st/stm32cubeide_1.12.1/plugins/com.st.stm32cube.ide.mcu.externaltools.gnu-tools-for-stm32.10.3-2021.10.linux64_1.0.200.202301161003/tools/bin/../lib/gcc/arm-none-eabi/10.3.1/thumb/v7e-m+fp/hard/libgcc.a(_udivmoddi4.o)
